                                          INDEX       10:07 Friday, December  4, 2015    1

                                    The FREQ Procedure

                            p_code       Frequency     Percent
                            ----------------------------------
                            Populated        3985      100.00 

                            vdc_name     Frequency     Percent
                            ----------------------------------
                            Populated        3985      100.00 
                                          INDEX       10:07 Friday, December  4, 2015    2

                                    The FREQ Procedure

                         district          Frequency     Percent
                         ---------------------------------------
                         Achham                  76        1.91 
                         Arghakhanchi            42        1.05 
                         Baglung                 60        1.51 
                         Baitadi                 63        1.58 
                         Bajhang                 48        1.20 
                         Bajura                  28        0.70 
                         Banke                   47        1.18 
                         Bara                    99        2.48 
                         Bardiya                 33        0.83 
                         Bhaktapur               18        0.45 
                         Bhojpur                 63        1.58 
                         Chitawan                39        0.98 
                         Dadeldhura              21        0.53 
                         Dailekh                 56        1.41 
                         Dang                    41        1.03 
                         Darchula                41        1.03 
                         Dhading                 50        1.25 
                         Dhankuta                36        0.90 
                         Dhanusa                102        2.56 
                         Dolakha                 52        1.30 
                         Dolpa                   23        0.58 
                         Doti                    52        1.30 
                         Gorkha                  67        1.68 
                         Gulmi                   79        1.98 
                         Humla                   27        0.68 
                         Ilam                    49        1.23 
                         Jajarkot                30        0.75 
                         Jhapa                   50        1.25 
                         Jumla                   30        0.75 
                         Kailali                 44        1.10 
                         Kalikot                 30        0.75 
                         Kanchanpur              21        0.53 
                         Kapilbastu              78        1.96 
                         Kaski                   45        1.13 
                         Kathmandu               59        1.48 
                         Kavrepalanchok          90        2.26 
                         Khotang                 76        1.91 
                         Lalitpur                42        1.05 
                         Lamjung                 61        1.53 
                         Mahottari               77        1.93 
                         Makwanpur               44        1.10 
                         Manang                  13        0.33 
                         Morang                  66        1.66 
                         Mugu                    24        0.60 
                         Mustang                 16        0.40 
                         Myagdi                  41        1.03 
                         Nawalparasi             75        1.88 
                         Nuwakot                 62        1.56 
                         Okhaldhunga             56        1.41 
                         Palpa                   66        1.66 
                         Panchthar               41        1.03 
                         Parbat                  55        1.38 
                         Parsa                   84        2.11 
                         Pyuthan                 49        1.23 
                                          INDEX       10:07 Friday, December  4, 2015    3

                                    The FREQ Procedure

                          district         Frequency     Percent
                          --------------------------------------
                          Ramechhap              55        1.38 
                          Rasuwa                 18        0.45 
                          Rautahat               97        2.43 
                          Rolpa                  51        1.28 
                          Rukum                  43        1.08 
                          Rupandehi              72        1.81 
                          Salyan                 47        1.18 
                          Sankhuwasabha          34        0.85 
                          Saptari               116        2.91 
                          Sarlahi               100        2.51 
                          Sindhuli               54        1.36 
                          Sindhupalchok          79        1.98 
                          Siraha                108        2.71 
                          Solukhumbu             34        0.85 
                          Sunsari                53        1.33 
                          Surkhet                51        1.28 
                          Syangja                62        1.56 
                          Tanahu                 47        1.18 
                          Taplejung              50        1.25 
                          Terhathum              32        0.80 
                          Udayapur               45        1.13 

                           region         Frequency     Percent
                           ------------------------------------
                           Central            1221       30.64 
                           Eastern             909       22.81 
                           Far-Western         394        9.89 
                           Mid-Western         582       14.60 
                           Western             879       22.06 

                        hazard_intensity    Frequency     Percent
                        -----------------------------------------
                        Zero                    1761       44.19 
                        Positive                2224       55.81 

                       exposure_population    Frequency     Percent
                       --------------------------------------------
                       Zero                         32        0.80 
                       Positive                   3953       99.20 

                      vulnerability_housing    Frequency     Percent
                      ----------------------------------------------
                      Positive                     3985      100.00 

                      vulnerability_poverty    Frequency     Percent
                      ----------------------------------------------
                      Zero                           45        1.13 
                      Positive                     3940       98.87 

                          vulnerability    Frequency     Percent
                          --------------------------------------
                          Positive             3985      100.00 
                                          INDEX       10:07 Friday, December  4, 2015    4

                                    The FREQ Procedure

                            severity    Frequency     Percent
                            ---------------------------------
                            Zero             681       17.09 
                            Positive        3304       82.91 

                       severity_normalized    Frequency     Percent
                       --------------------------------------------
                       Zero                        681       17.09 
                       Positive                   3304       82.91 

                        severity_category    Frequency     Percent
                        ------------------------------------------
                        High                      168        4.22 
                        Highest                    19        0.48 
                        Low                       800       20.08 
                        Lowest                   1893       47.50 
                        Medium-High               433       10.87 
                        Medium-Low                672       16.86 
                                          INDEX       10:07 Friday, December  4, 2015    5

                                   The MEANS Procedure

Variable                nmiss           Mean        Minimum             p1             q1
-----------------------------------------------------------------------------------------
hazard_intensity            0           0.32           0.00           0.00           0.00
exposure_population         0           0.07           0.00           0.01           0.03
vulnerability_housing       0           5.71           1.17           1.17           4.64
vulnerability_poverty       0           5.48           0.00           0.00           3.33
vulnerability               0           5.59           1.62           1.62           4.59
severity                    0           0.25           0.00           0.00           0.05
severity_normalized         0           0.51           0.00           0.00           0.09
-----------------------------------------------------------------------------------------

Variable                      Median             q3            p99        Maximum
------------------------------------------------------------------------------------
hazard_intensity                0.01           0.13           3.52          10.00
exposure_population             0.05           0.07           0.37          10.00
vulnerability_housing           5.61           6.85           9.94           9.94
vulnerability_poverty           5.62           7.35           9.21          10.00
vulnerability                   5.55           6.66           8.83           8.83
severity                        0.14           0.36           1.21           4.88
severity_normalized             0.29           0.74           2.47          10.00
------------------------------------------------------------------------------------
